Godot Engine v4.7.1.stable.official.a13da4feb - https://godotengine.org


  competition          poss    pts    PPP    FG%    3P%   3PAr    FT%   FTAr    TOV   ORB%   AST%     PF   STL   BLK
  overseas             76.5   78.9  1.031   42.7   31.4   32.3   79.2   26.6   19.1   25.1   57.6   19.9   5.4   3.8

  home win rate / overtime / close / blowout, by competition:
  overseas             75.0%    0.0%   25.0%   25.0%

=== Competition basketball calibration ===
  commit=10febefab74763defa472832d8c522c03ca830d2 godot=4.7.1-stable (official) build=editor-debug (asserts active) rules=overseas/competition-v2-stopped-clock-pace balance=simulation_baseline/simulation-v17-stopped-foul-clock-and-live-rebound ratings=ratings-v1 targets=calibration-targets-v1 rng=godot-pcg32-v1+sha256-stream-key-v1 seeds=shard 5850000 of 5850001, seeds 23400001..23400004 inclusive n=4 complete games per competition elapsed=17974ms rate=0.2/s
  note: §27.1 certification sample is 100000 complete games per competition; this run used 4.
  note: Rule profiles are per competition; the provenance block names the first only. Each metric row carries its own competition id.

  sample.meets_certification_size                            0.0000  target[1.0000, 1.0000]  FAIL
  overseas.possessions_per_game                             76.5000 ±1.5715  target[70.0000, 82.0000]  PASS
  overseas.possession_estimate_per_game                     80.9200  INFORMATIONAL
  overseas.points_per_game                                  78.8750 ±8.1524  INFORMATIONAL
  overseas.points_per_possession                             1.0310 ±0.1126  target[1.0000, 1.1300]  PASS
  overseas.field_goal_percentage                             0.4270 ±0.0448  target[0.4300, 0.5100]  FAIL
  overseas.three_point_percentage                            0.3143 ±0.0682  target[0.3200, 0.3900]  FAIL
  overseas.three_point_attempt_rate                          0.3235 ±0.0393  target[0.3000, 0.4600]  PASS
  overseas.free_throw_percentage                             0.7917 ±0.0659  target[0.6900, 0.8200]  PASS
  overseas.free_throw_attempt_rate                           0.2662 ±0.0371  target[0.2000, 0.3900]  PASS
  overseas.turnovers_per_100_possessions                    19.1176  target[13.0000, 19.0000]  FAIL
  overseas.offensive_rebound_percentage                      0.2508 ±0.0493  target[0.2300, 0.3400]  PASS
  overseas.assist_percentage                                 0.5758 ±0.0632  target[0.5000, 0.7200]  PASS
  overseas.home_win_rate                                     0.7500 ±0.3269  target[0.5300, 0.5600]  FAIL
  overseas.overtime_rate                                     0.0000 ±0.2449  target[0.0400, 0.0800]  FAIL
  overseas.close_game_rate                                   0.2500 ±0.3269  target[0.2200, 0.3400]  PASS
  overseas.blowout_rate                                      0.2500 ±0.3269  target[0.0800, 0.1800]  FAIL
  overseas.starter_mean_minutes                             23.9975 ±1.0866  INFORMATIONAL
  overseas.team_leading_scorer_mean                         16.6250 ±1.4316  INFORMATIONAL
  overseas.team_leading_scorer_p99                          19.0000  INFORMATIONAL

  report: res://reports/competition_calibration_replay_prefix_final_20260924_candidate_neutral_overseas.json
  FAIL sample.meets_certification_size: estimate 0.0000 outside BALANCE_SPEC.md §27.1 target [1.0000, 1.0000]
  FAIL overseas.field_goal_percentage: estimate 0.4270 outside BALANCE_SPEC.md §14.1 target [0.4300, 0.5100]
  FAIL overseas.three_point_percentage: estimate 0.3143 outside BALANCE_SPEC.md §14.1 target [0.3200, 0.3900]
  FAIL overseas.turnovers_per_100_possessions: estimate 19.1176 outside BALANCE_SPEC.md §14.1 target [13.0000, 19.0000]
  FAIL overseas.home_win_rate: estimate 0.7500 outside BALANCE_SPEC.md §14.2 target [0.5300, 0.5600]
  FAIL overseas.overtime_rate: estimate 0.0000 outside BALANCE_SPEC.md §14.2 target [0.0400, 0.0800]
  FAIL overseas.blowout_rate: estimate 0.2500 outside BALANCE_SPEC.md §14.2 target [0.0800, 0.1800]
  20 metric(s), 15 judged, 7 failure(s): FAIL
