Godot Engine v4.7.1.stable.official.a13da4feb - https://godotengine.org


  competition          poss    pts    PPP    FG%    3P%   3PAr    FT%   FTAr    TOV   ORB%   AST%     PF   STL   BLK
  top_domestic_pro    103.6  120.1  1.159   45.6   40.0   37.2   76.4   25.5   13.3   19.5   58.7   22.8   7.9   5.3

  home win rate / overtime / close / blowout, by competition:
  top_domestic_pro     75.0%   25.0%   50.0%   25.0%

=== Competition basketball calibration ===
  commit=unknown godot=4.7.1-stable (official) build=editor-debug (asserts active) rules=top_domestic_pro/competition-v2-stopped-clock-pace balance=simulation_baseline/simulation-v17-stopped-foul-clock-and-live-rebound ratings=ratings-v1 targets=calibration-targets-v1 rng=godot-pcg32-v1+sha256-stream-key-v1 seeds=shard 5850000 of 5850001, seeds 23400001..23400004 inclusive n=4 complete games per competition elapsed=23668ms rate=0.2/s
  note: §27.1 certification sample is 100000 complete games per competition; this run used 4.
  note: Rule profiles are per competition; the provenance block names the first only. Each metric row carries its own competition id.

  sample.meets_certification_size                            0.0000  target[1.0000, 1.0000]  FAIL
  top_domestic_pro.possessions_per_game                    103.6250 ±2.8914  target[96.0000, 103.0000]  FAIL
  top_domestic_pro.possession_estimate_per_game            110.9750  INFORMATIONAL
  top_domestic_pro.points_per_game                         120.1250 ±6.9239  INFORMATIONAL
  top_domestic_pro.points_per_possession                     1.1592 ±0.0479  target[1.0800, 1.1800]  PASS
  top_domestic_pro.field_goal_percentage                     0.4556 ±0.0276  target[0.4500, 0.5100]  PASS
  top_domestic_pro.three_point_percentage                    0.4000 ±0.0565  target[0.3400, 0.4000]  PASS
  top_domestic_pro.three_point_attempt_rate                  0.3721 ±0.0341  target[0.3600, 0.4900]  PASS
  top_domestic_pro.free_throw_percentage                     0.7641 ±0.0592  target[0.7300, 0.8300]  PASS
  top_domestic_pro.free_throw_attempt_rate                   0.2546 ±0.0308  target[0.1800, 0.3400]  PASS
  top_domestic_pro.turnovers_per_100_possessions            13.2690  target[11.0000, 16.0000]  PASS
  top_domestic_pro.offensive_rebound_percentage              0.1947 ±0.0397  target[0.2000, 0.3100]  FAIL
  top_domestic_pro.assist_percentage                         0.5874 ±0.0514  target[0.5200, 0.7200]  PASS
  top_domestic_pro.home_win_rate                             0.7500 ±0.3269  target[0.5300, 0.5600]  FAIL
  top_domestic_pro.overtime_rate                             0.2500 ±0.3269  target[0.0400, 0.0800]  FAIL
  top_domestic_pro.close_game_rate                           0.5000 ±0.3500  target[0.2200, 0.3400]  FAIL
  top_domestic_pro.blowout_rate                              0.2500 ±0.3269  target[0.0800, 0.1800]  FAIL
  top_domestic_pro.starter_mean_minutes                     30.5875 ±1.5305  target[27.0000, 35.0000]  PASS
  top_domestic_pro.star_mean_minutes                        33.2646  target[12.0000, 36.0000]  PASS
  top_domestic_pro.rotation_mean_minutes                    20.3667  target[12.0000, 36.0000]  PASS
  top_domestic_pro.team_leading_scorer_mean                 23.8750 ±3.9968  INFORMATIONAL
  top_domestic_pro.team_leading_scorer_p99                  31.9300  INFORMATIONAL

  report: res://reports/competition_calibration_replay_prefix_final_20260924_baseline_home_top_domestic_pro.json
  FAIL sample.meets_certification_size: estimate 0.0000 outside BALANCE_SPEC.md §27.1 target [1.0000, 1.0000]
  FAIL top_domestic_pro.possessions_per_game: estimate 103.6250 outside BALANCE_SPEC.md §14.1 target [96.0000, 103.0000]
  FAIL top_domestic_pro.offensive_rebound_percentage: estimate 0.1947 outside BALANCE_SPEC.md §14.1 target [0.2000, 0.3100]
  FAIL top_domestic_pro.home_win_rate: estimate 0.7500 outside BALANCE_SPEC.md §14.2 target [0.5300, 0.5600]
  FAIL top_domestic_pro.overtime_rate: estimate 0.2500 outside BALANCE_SPEC.md §14.2 target [0.0400, 0.0800]
  FAIL top_domestic_pro.close_game_rate: estimate 0.5000 outside BALANCE_SPEC.md §14.2 target [0.2200, 0.3400]
  FAIL top_domestic_pro.blowout_rate: estimate 0.2500 outside BALANCE_SPEC.md §14.2 target [0.0800, 0.1800]
  22 metric(s), 18 judged, 7 failure(s): FAIL
