Godot Engine v4.7.1.stable.official.a13da4feb - https://godotengine.org


  competition          poss    pts    PPP    FG%    3P%   3PAr    FT%   FTAr    TOV   ORB%   AST%     PF   STL   BLK
  high_school          68.0   63.5  0.934   35.7   28.2   34.0   71.7   23.0   16.2   24.8   50.0   14.9   5.8   2.4

  home win rate / overtime / close / blowout, by competition:
  high_school           0.0%    0.0%    0.0%   25.0%

=== Competition basketball calibration ===
  commit=unknown godot=4.7.1-stable (official) build=editor-debug (asserts active) rules=high_school/competition-v2-stopped-clock-pace balance=simulation_baseline/simulation-v17-stopped-foul-clock-and-live-rebound ratings=ratings-v1 targets=calibration-targets-v1 rng=godot-pcg32-v1+sha256-stream-key-v1 seeds=shard 5850000 of 5850001, seeds 23400001..23400004 inclusive n=4 complete games per competition elapsed=17105ms rate=0.2/s
  note: §27.1 certification sample is 100000 complete games per competition; this run used 4.
  note: Rule profiles are per competition; the provenance block names the first only. Each metric row carries its own competition id.

  sample.meets_certification_size                            0.0000  target[1.0000, 1.0000]  FAIL
  high_school.possessions_per_game                          68.0000 ±1.2285  target[61.0000, 72.0000]  PASS
  high_school.possession_estimate_per_game                  73.2250  INFORMATIONAL
  high_school.points_per_game                               63.5000 ±7.4449  INFORMATIONAL
  high_school.points_per_possession                          0.9338 ±0.1102  target[0.9100, 1.0500]  PASS
  high_school.field_goal_percentage                          0.3570 ±0.0405  target[0.3900, 0.4700]  FAIL
  high_school.three_point_percentage                         0.2825 ±0.0658  target[0.2800, 0.3600]  PASS
  high_school.three_point_attempt_rate                       0.3397 ±0.0405  target[0.2400, 0.3900]  PASS
  high_school.free_throw_percentage                          0.7167 ±0.0796  target[0.6200, 0.7600]  PASS
  high_school.free_throw_attempt_rate                        0.2303 ±0.0361  target[0.1800, 0.3800]  PASS
  high_school.turnovers_per_100_possessions                 16.1765  target[15.0000, 24.0000]  PASS
  high_school.offensive_rebound_percentage                   0.2484 ±0.0482  target[0.2500, 0.3800]  FAIL
  high_school.assist_percentage                              0.5000 ±0.0711  target[0.4200, 0.6600]  PASS
  high_school.home_win_rate                                  0.0000 ±0.2449  target[0.5300, 0.5600]  FAIL
  high_school.overtime_rate                                  0.0000 ±0.2449  target[0.0400, 0.0800]  FAIL
  high_school.close_game_rate                                0.0000 ±0.2449  target[0.2200, 0.3400]  FAIL
  high_school.blowout_rate                                   0.2500 ±0.3269  target[0.0800, 0.1800]  FAIL
  high_school.starter_mean_minutes                          17.9850 ±1.1550  INFORMATIONAL
  high_school.team_leading_scorer_mean                      13.3750 ±2.1578  INFORMATIONAL
  high_school.team_leading_scorer_p99                       17.0000  INFORMATIONAL

  report: res://reports/competition_calibration_replay_prefix_final_20260924_baseline_neutral_high_school.json
  FAIL sample.meets_certification_size: estimate 0.0000 outside BALANCE_SPEC.md §27.1 target [1.0000, 1.0000]
  FAIL high_school.field_goal_percentage: estimate 0.3570 outside BALANCE_SPEC.md §14.1 target [0.3900, 0.4700]
  FAIL high_school.offensive_rebound_percentage: estimate 0.2484 outside BALANCE_SPEC.md §14.1 target [0.2500, 0.3800]
  FAIL high_school.home_win_rate: estimate 0.0000 outside BALANCE_SPEC.md §14.2 target [0.5300, 0.5600]
  FAIL high_school.overtime_rate: estimate 0.0000 outside BALANCE_SPEC.md §14.2 target [0.0400, 0.0800]
  FAIL high_school.close_game_rate: estimate 0.0000 outside BALANCE_SPEC.md §14.2 target [0.2200, 0.3400]
  FAIL high_school.blowout_rate: estimate 0.2500 outside BALANCE_SPEC.md §14.2 target [0.0800, 0.1800]
  20 metric(s), 15 judged, 7 failure(s): FAIL
