Godot Engine v4.7.1.stable.official.a13da4feb - https://godotengine.org


  competition          poss    pts    PPP    FG%    3P%   3PAr    FT%   FTAr    TOV   ORB%   AST%     PF   STL   BLK
  college              67.4   73.6  1.093   43.1   33.5   34.3   75.8   25.4   15.4   26.0   54.4   15.3   5.4   2.6

  home win rate / overtime / close / blowout, by competition:
  college              50.0%    0.0%   50.0%    0.0%

=== Competition basketball calibration ===
  commit=10febefab74763defa472832d8c522c03ca830d2 godot=4.7.1-stable (official) build=editor-debug (asserts active) rules=college/competition-v2-stopped-clock-pace balance=simulation_baseline/simulation-v17-stopped-foul-clock-and-live-rebound ratings=ratings-v1 targets=calibration-targets-v1 rng=godot-pcg32-v1+sha256-stream-key-v1 seeds=shard 5850000 of 5850001, seeds 23400001..23400004 inclusive n=4 complete games per competition elapsed=14455ms rate=0.3/s
  note: §27.1 certification sample is 100000 complete games per competition; this run used 4.
  note: Rule profiles are per competition; the provenance block names the first only. Each metric row carries its own competition id.

  sample.meets_certification_size                            0.0000  target[1.0000, 1.0000]  FAIL
  college.possessions_per_game                              67.3750 ±2.3699  target[64.0000, 73.0000]  PASS
  college.possession_estimate_per_game                      71.4150  INFORMATIONAL
  college.points_per_game                                   73.6250 ±5.8792  INFORMATIONAL
  college.points_per_possession                              1.0928 ±0.0702  target[0.9800, 1.1000]  PASS
  college.field_goal_percentage                              0.4306 ±0.0382  target[0.4200, 0.4900]  PASS
  college.three_point_percentage                             0.3353 ±0.0697  target[0.3100, 0.3800]  PASS
  college.three_point_attempt_rate                           0.3433 ±0.0413  target[0.3200, 0.4600]  PASS
  college.free_throw_percentage                              0.7578 ±0.0735  target[0.6700, 0.7900]  PASS
  college.free_throw_attempt_rate                            0.2540 ±0.0379  target[0.2000, 0.3800]  PASS
  college.turnovers_per_100_possessions                     15.3989  target[15.0000, 21.0000]  PASS
  college.offensive_rebound_percentage                       0.2599 ±0.0514  target[0.2400, 0.3400]  PASS
  college.assist_percentage                                  0.5438 ±0.0657  target[0.4800, 0.6800]  PASS
  college.home_win_rate                                      0.5000 ±0.3500  target[0.5300, 0.5600]  FAIL
  college.overtime_rate                                      0.0000 ±0.2449  target[0.0400, 0.0800]  FAIL
  college.close_game_rate                                    0.5000 ±0.3500  target[0.2200, 0.3400]  FAIL
  college.blowout_rate                                       0.0000 ±0.2449  target[0.0800, 0.1800]  FAIL
  college.starter_mean_minutes                              24.9079 ±1.5401  INFORMATIONAL
  college.team_leading_scorer_mean                          17.8750 ±1.5017  INFORMATIONAL
  college.team_leading_scorer_p99                           20.0000  INFORMATIONAL

  report: res://reports/competition_calibration_replay_prefix_final_20260924_candidate_home_college.json
  FAIL sample.meets_certification_size: estimate 0.0000 outside BALANCE_SPEC.md §27.1 target [1.0000, 1.0000]
  FAIL college.home_win_rate: estimate 0.5000 outside BALANCE_SPEC.md §14.2 target [0.5300, 0.5600]
  FAIL college.overtime_rate: estimate 0.0000 outside BALANCE_SPEC.md §14.2 target [0.0400, 0.0800]
  FAIL college.close_game_rate: estimate 0.5000 outside BALANCE_SPEC.md §14.2 target [0.2200, 0.3400]
  FAIL college.blowout_rate: estimate 0.0000 outside BALANCE_SPEC.md §14.2 target [0.0800, 0.1800]
  20 metric(s), 15 judged, 5 failure(s): FAIL
