Godot Engine v4.7.1.stable.official.a13da4feb - https://godotengine.org


  competition          poss    pts    PPP    FG%    3P%   3PAr    FT%   FTAr    TOV   ORB%   AST%     PF   STL   BLK
  development          94.5   98.1  1.038   42.0   36.4   33.9   73.1   20.6   16.5   24.6   52.7   20.6   6.5   4.9

  home win rate / overtime / close / blowout, by competition:
  development          50.0%    0.0%    0.0%   50.0%

=== Competition basketball calibration ===
  commit=10febefab74763defa472832d8c522c03ca830d2 godot=4.7.1-stable (official) build=editor-debug (asserts active) rules=domestic_development/competition-v2-stopped-clock-pace balance=simulation_baseline/simulation-v17-stopped-foul-clock-and-live-rebound ratings=ratings-v1 targets=calibration-targets-v1 rng=godot-pcg32-v1+sha256-stream-key-v1 seeds=shard 5850000 of 5850001, seeds 23400001..23400004 inclusive n=4 complete games per competition elapsed=24481ms rate=0.2/s
  note: §27.1 certification sample is 100000 complete games per competition; this run used 4.
  note: Rule profiles are per competition; the provenance block names the first only. Each metric row carries its own competition id.

  sample.meets_certification_size                            0.0000  target[1.0000, 1.0000]  FAIL
  development.possessions_per_game                          94.5000 ±1.8146  target[88.0000, 101.0000]  PASS
  development.possession_estimate_per_game                  99.7250  INFORMATIONAL
  development.points_per_game                               98.1250 ±11.7740  INFORMATIONAL
  development.points_per_possession                          1.0384 ±0.1323  target[1.0000, 1.1200]  PASS
  development.field_goal_percentage                          0.4205 ±0.0451  target[0.4300, 0.5000]  FAIL
  development.three_point_percentage                         0.3640 ±0.0606  target[0.3100, 0.3800]  PASS
  development.three_point_attempt_rate                       0.3395 ±0.0349  target[0.3200, 0.4700]  PASS
  development.free_throw_percentage                          0.7310 ±0.0715  target[0.6800, 0.8000]  PASS
  development.free_throw_attempt_rate                        0.2060 ±0.0298  target[0.1800, 0.3600]  PASS
  development.turnovers_per_100_possessions                 16.5344  target[14.0000, 20.0000]  PASS
  development.offensive_rebound_percentage                   0.2461 ±0.0428  target[0.2300, 0.3300]  PASS
  development.assist_percentage                              0.5270 ±0.0565  target[0.4800, 0.6900]  PASS
  development.home_win_rate                                  0.5000 ±0.3500  target[0.5300, 0.5600]  FAIL
  development.overtime_rate                                  0.0000 ±0.2449  target[0.0400, 0.0800]  FAIL
  development.close_game_rate                                0.0000 ±0.2449  target[0.2200, 0.3400]  FAIL
  development.blowout_rate                                   0.5000 ±0.3500  target[0.0800, 0.1800]  FAIL
  development.starter_mean_minutes                          24.6004 ±2.0839  INFORMATIONAL
  development.team_leading_scorer_mean                      19.7500 ±3.2870  INFORMATIONAL
  development.team_leading_scorer_p99                       29.3700  INFORMATIONAL

  report: res://reports/competition_calibration_replay_prefix_final_20260924_candidate_neutral_development.json
  FAIL sample.meets_certification_size: estimate 0.0000 outside BALANCE_SPEC.md §27.1 target [1.0000, 1.0000]
  FAIL development.field_goal_percentage: estimate 0.4205 outside BALANCE_SPEC.md §14.1 target [0.4300, 0.5000]
  FAIL development.home_win_rate: estimate 0.5000 outside BALANCE_SPEC.md §14.2 target [0.5300, 0.5600]
  FAIL development.overtime_rate: estimate 0.0000 outside BALANCE_SPEC.md §14.2 target [0.0400, 0.0800]
  FAIL development.close_game_rate: estimate 0.0000 outside BALANCE_SPEC.md §14.2 target [0.2200, 0.3400]
  FAIL development.blowout_rate: estimate 0.5000 outside BALANCE_SPEC.md §14.2 target [0.0800, 0.1800]
  20 metric(s), 15 judged, 6 failure(s): FAIL
