Godot Engine v4.7.1.stable.official.a13da4feb - https://godotengine.org


  competition          poss    pts    PPP    FG%    3P%   3PAr    FT%   FTAr    TOV   ORB%   AST%     PF   STL   BLK
  overseas             75.5   75.0  0.993   39.4   31.6   35.1   80.3   21.9   15.2   20.6   56.8   16.8   4.9   3.9

  home win rate / overtime / close / blowout, by competition:
  overseas             75.0%    0.0%    0.0%   50.0%

=== Competition basketball calibration ===
  commit=unknown godot=4.7.1-stable (official) build=editor-debug (asserts active) rules=overseas/competition-v2-stopped-clock-pace balance=simulation_baseline/simulation-v17-stopped-foul-clock-and-live-rebound ratings=ratings-v1 targets=calibration-targets-v1 rng=godot-pcg32-v1+sha256-stream-key-v1 seeds=shard 5850000 of 5850001, seeds 23400001..23400004 inclusive n=4 complete games per competition elapsed=15766ms rate=0.3/s
  note: §27.1 certification sample is 100000 complete games per competition; this run used 4.
  note: Rule profiles are per competition; the provenance block names the first only. Each metric row carries its own competition id.

  sample.meets_certification_size                            0.0000  target[1.0000, 1.0000]  FAIL
  overseas.possessions_per_game                             75.5000 ±1.4345  target[70.0000, 82.0000]  PASS
  overseas.possession_estimate_per_game                     79.9600  INFORMATIONAL
  overseas.points_per_game                                  75.0000 ±8.8586  INFORMATIONAL
  overseas.points_per_possession                             0.9934 ±0.1293  target[1.0000, 1.1300]  FAIL
  overseas.field_goal_percentage                             0.3943 ±0.0533  target[0.4300, 0.5100]  FAIL
  overseas.three_point_percentage                            0.3163 ±0.0646  target[0.3200, 0.3900]  FAIL
  overseas.three_point_attempt_rate                          0.3513 ±0.0395  target[0.3000, 0.4600]  PASS
  overseas.free_throw_percentage                             0.8033 ±0.0701  target[0.6900, 0.8200]  PASS
  overseas.free_throw_attempt_rate                           0.2186 ±0.0342  target[0.2000, 0.3900]  PASS
  overseas.turnovers_per_100_possessions                    15.2318  target[13.0000, 19.0000]  PASS
  overseas.offensive_rebound_percentage                      0.2058 ±0.0448  target[0.2300, 0.3400]  FAIL
  overseas.assist_percentage                                 0.5682 ±0.0649  target[0.5000, 0.7200]  PASS
  overseas.home_win_rate                                     0.7500 ±0.3269  target[0.5300, 0.5600]  FAIL
  overseas.overtime_rate                                     0.0000 ±0.2449  target[0.0400, 0.0800]  FAIL
  overseas.close_game_rate                                   0.0000 ±0.2449  target[0.2200, 0.3400]  FAIL
  overseas.blowout_rate                                      0.5000 ±0.3500  target[0.0800, 0.1800]  FAIL
  overseas.starter_mean_minutes                             24.0567 ±1.1417  INFORMATIONAL
  overseas.team_leading_scorer_mean                         16.2500 ±3.4697  INFORMATIONAL
  overseas.team_leading_scorer_p99                          23.7900  INFORMATIONAL

  report: res://reports/competition_calibration_replay_prefix_final_20260924_baseline_neutral_overseas.json
  FAIL sample.meets_certification_size: estimate 0.0000 outside BALANCE_SPEC.md §27.1 target [1.0000, 1.0000]
  FAIL overseas.points_per_possession: estimate 0.9934 outside BALANCE_SPEC.md §14.1 target [1.0000, 1.1300]
  FAIL overseas.field_goal_percentage: estimate 0.3943 outside BALANCE_SPEC.md §14.1 target [0.4300, 0.5100]
  FAIL overseas.three_point_percentage: estimate 0.3163 outside BALANCE_SPEC.md §14.1 target [0.3200, 0.3900]
  FAIL overseas.offensive_rebound_percentage: estimate 0.2058 outside BALANCE_SPEC.md §14.1 target [0.2300, 0.3400]
  FAIL overseas.home_win_rate: estimate 0.7500 outside BALANCE_SPEC.md §14.2 target [0.5300, 0.5600]
  FAIL overseas.overtime_rate: estimate 0.0000 outside BALANCE_SPEC.md §14.2 target [0.0400, 0.0800]
  FAIL overseas.close_game_rate: estimate 0.0000 outside BALANCE_SPEC.md §14.2 target [0.2200, 0.3400]
  FAIL overseas.blowout_rate: estimate 0.5000 outside BALANCE_SPEC.md §14.2 target [0.0800, 0.1800]
  20 metric(s), 15 judged, 9 failure(s): FAIL
