Godot Engine v4.7.1.stable.official.a13da4feb - https://godotengine.org


  competition          poss    pts    PPP    FG%    3P%   3PAr    FT%   FTAr    TOV   ORB%   AST%     PF   STL   BLK
  high_school          68.4   66.9  0.978   39.3   34.1   34.0   73.1   20.4   17.9   24.6   46.0   15.3   5.8   2.3

  home win rate / overtime / close / blowout, by competition:
  high_school          25.0%    0.0%   25.0%    0.0%

=== Competition basketball calibration ===
  commit=13daf17b9edaf3ae6f108eeaa46d7121e01b2950 godot=4.7.1-stable (official) build=editor-debug (asserts active) rules=high_school/competition-v2-stopped-clock-pace balance=simulation_baseline/simulation-v17-stopped-foul-clock-and-live-rebound ratings=ratings-v1 targets=calibration-targets-v1 rng=godot-pcg32-v1+sha256-stream-key-v1 seeds=shard 5850000 of 5850001, seeds 23400001..23400004 inclusive n=4 complete games per competition elapsed=15091ms rate=0.3/s
  note: §27.1 certification sample is 100000 complete games per competition; this run used 4.
  note: Rule profiles are per competition; the provenance block names the first only. Each metric row carries its own competition id.

  sample.meets_certification_size                            0.0000  target[1.0000, 1.0000]  FAIL
  high_school.possessions_per_game                          68.3750 ±0.7350  target[61.0000, 72.0000]  PASS
  high_school.possession_estimate_per_game                  72.8450  INFORMATIONAL
  high_school.points_per_game                               66.8750 ±5.3732  INFORMATIONAL
  high_school.points_per_possession                          0.9781 ±0.0855  target[0.9100, 1.0500]  PASS
  high_school.field_goal_percentage                          0.3929 ±0.0315  target[0.3900, 0.4700]  PASS
  high_school.three_point_percentage                         0.3410 ±0.0700  target[0.2800, 0.3600]  PASS
  high_school.three_point_attempt_rate                       0.3399 ±0.0410  target[0.2400, 0.3900]  PASS
  high_school.free_throw_percentage                          0.7308 ±0.0841  target[0.6200, 0.7600]  PASS
  high_school.free_throw_attempt_rate                        0.2043 ±0.0350  target[0.1800, 0.3800]  PASS
  high_school.turnovers_per_100_possessions                 17.9159  target[15.0000, 24.0000]  PASS
  high_school.offensive_rebound_percentage                   0.2465 ±0.0499  target[0.2500, 0.3800]  FAIL
  high_school.assist_percentage                              0.4600 ±0.0684  target[0.4200, 0.6600]  PASS
  high_school.home_win_rate                                  0.2500 ±0.3269  target[0.5300, 0.5600]  FAIL
  high_school.overtime_rate                                  0.0000 ±0.2449  target[0.0400, 0.0800]  FAIL
  high_school.close_game_rate                                0.2500 ±0.3269  target[0.2200, 0.3400]  PASS
  high_school.blowout_rate                                   0.0000 ±0.2449  target[0.0800, 0.1800]  FAIL
  high_school.starter_mean_minutes                          19.5158 ±1.2475  INFORMATIONAL
  high_school.team_leading_scorer_mean                      15.0000 ±1.7764  INFORMATIONAL
  high_school.team_leading_scorer_p99                       18.9300  INFORMATIONAL

  report: res://reports/competition_calibration_replay_prefix_final_20260924_candidate_home_high_school.json
  FAIL sample.meets_certification_size: estimate 0.0000 outside BALANCE_SPEC.md §27.1 target [1.0000, 1.0000]
  FAIL high_school.offensive_rebound_percentage: estimate 0.2465 outside BALANCE_SPEC.md §14.1 target [0.2500, 0.3800]
  FAIL high_school.home_win_rate: estimate 0.2500 outside BALANCE_SPEC.md §14.2 target [0.5300, 0.5600]
  FAIL high_school.overtime_rate: estimate 0.0000 outside BALANCE_SPEC.md §14.2 target [0.0400, 0.0800]
  FAIL high_school.blowout_rate: estimate 0.0000 outside BALANCE_SPEC.md §14.2 target [0.0800, 0.1800]
  20 metric(s), 15 judged, 5 failure(s): FAIL
