Godot Engine v4.7.1.stable.official.a13da4feb - https://godotengine.org


  competition          poss    pts    PPP    FG%    3P%   3PAr    FT%   FTAr    TOV   ORB%   AST%     PF   STL   BLK
  college              67.4   73.3  1.087   42.6   33.3   34.1   77.1   26.1   15.0   25.2   48.6   16.1   4.9   2.4

  home win rate / overtime / close / blowout, by competition:
  college              50.0%    0.0%   25.0%    0.0%

=== Competition basketball calibration ===
  commit=unknown godot=4.7.1-stable (official) build=editor-debug (asserts active) rules=college/competition-v2-stopped-clock-pace balance=simulation_baseline/simulation-v17-stopped-foul-clock-and-live-rebound ratings=ratings-v1 targets=calibration-targets-v1 rng=godot-pcg32-v1+sha256-stream-key-v1 seeds=shard 5850000 of 5850001, seeds 23400001..23400004 inclusive n=4 complete games per competition elapsed=14430ms rate=0.3/s
  note: §27.1 certification sample is 100000 complete games per competition; this run used 4.
  note: Rule profiles are per competition; the provenance block names the first only. Each metric row carries its own competition id.

  sample.meets_certification_size                            0.0000  target[1.0000, 1.0000]  FAIL
  college.possessions_per_game                              67.3750 ±3.2700  target[64.0000, 73.0000]  PASS
  college.possession_estimate_per_game                      71.4550  INFORMATIONAL
  college.points_per_game                                   73.2500 ±7.2937  INFORMATIONAL
  college.points_per_possession                              1.0872 ±0.0712  target[0.9800, 1.1000]  PASS
  college.field_goal_percentage                              0.4263 ±0.0401  target[0.4200, 0.4900]  PASS
  college.three_point_percentage                             0.3333 ±0.0700  target[0.3100, 0.3800]  PASS
  college.three_point_attempt_rate                           0.3406 ±0.0413  target[0.3200, 0.4600]  PASS
  college.free_throw_percentage                              0.7710 ±0.0713  target[0.6700, 0.7900]  PASS
  college.free_throw_attempt_rate                            0.2610 ±0.0383  target[0.2000, 0.3800]  PASS
  college.turnovers_per_100_possessions                     15.0278  target[15.0000, 21.0000]  PASS
  college.offensive_rebound_percentage                       0.2518 ±0.0512  target[0.2400, 0.3400]  PASS
  college.assist_percentage                                  0.4860 ±0.0664  target[0.4800, 0.6800]  PASS
  college.home_win_rate                                      0.5000 ±0.3500  target[0.5300, 0.5600]  FAIL
  college.overtime_rate                                      0.0000 ±0.2449  target[0.0400, 0.0800]  FAIL
  college.close_game_rate                                    0.2500 ±0.3269  target[0.2200, 0.3400]  PASS
  college.blowout_rate                                       0.0000 ±0.2449  target[0.0800, 0.1800]  FAIL
  college.starter_mean_minutes                              24.3079 ±0.9743  INFORMATIONAL
  college.team_leading_scorer_mean                          17.1250 ±2.6043  INFORMATIONAL
  college.team_leading_scorer_p99                           22.9300  INFORMATIONAL

  report: res://reports/competition_calibration_replay_prefix_final_20260924_baseline_home_college.json
  FAIL sample.meets_certification_size: estimate 0.0000 outside BALANCE_SPEC.md §27.1 target [1.0000, 1.0000]
  FAIL college.home_win_rate: estimate 0.5000 outside BALANCE_SPEC.md §14.2 target [0.5300, 0.5600]
  FAIL college.overtime_rate: estimate 0.0000 outside BALANCE_SPEC.md §14.2 target [0.0400, 0.0800]
  FAIL college.blowout_rate: estimate 0.0000 outside BALANCE_SPEC.md §14.2 target [0.0800, 0.1800]
  20 metric(s), 15 judged, 4 failure(s): FAIL
