Godot Engine v4.7.1.stable.official.a13da4feb - https://godotengine.org


  competition          poss    pts    PPP    FG%    3P%   3PAr    FT%   FTAr    TOV   ORB%   AST%     PF   STL   BLK
  college              68.4   75.4  1.102   43.8   35.2   35.9   77.6   26.9   15.9   23.1   52.8   15.6   5.5   2.8

  home win rate / overtime / close / blowout, by competition:
  college              25.0%    0.0%   50.0%   25.0%

=== Competition basketball calibration ===
  commit=10febefab74763defa472832d8c522c03ca830d2 godot=4.7.1-stable (official) build=editor-debug (asserts active) rules=college/competition-v2-stopped-clock-pace balance=simulation_baseline/simulation-v17-stopped-foul-clock-and-live-rebound ratings=ratings-v1 targets=calibration-targets-v1 rng=godot-pcg32-v1+sha256-stream-key-v1 seeds=shard 5850000 of 5850001, seeds 23400001..23400004 inclusive n=4 complete games per competition elapsed=13395ms rate=0.3/s
  note: §27.1 certification sample is 100000 complete games per competition; this run used 4.
  note: Rule profiles are per competition; the provenance block names the first only. Each metric row carries its own competition id.

  sample.meets_certification_size                            0.0000  target[1.0000, 1.0000]  FAIL
  college.possessions_per_game                              68.3750 ±2.0932  target[64.0000, 73.0000]  PASS
  college.possession_estimate_per_game                      72.7450  INFORMATIONAL
  college.points_per_game                                   75.3750 ±6.4681  INFORMATIONAL
  college.points_per_possession                              1.1024 ±0.0820  target[0.9800, 1.1000]  FAIL
  college.field_goal_percentage                              0.4378 ±0.0421  target[0.4200, 0.4900]  PASS
  college.three_point_percentage                             0.3520 ±0.0693  target[0.3100, 0.3800]  PASS
  college.three_point_attempt_rate                           0.3594 ±0.0420  target[0.3200, 0.4600]  PASS
  college.free_throw_percentage                              0.7761 ±0.0700  target[0.6700, 0.7900]  PASS
  college.free_throw_attempt_rate                            0.2691 ±0.0388  target[0.2000, 0.3800]  PASS
  college.turnovers_per_100_possessions                     15.9049  target[15.0000, 21.0000]  PASS
  college.offensive_rebound_percentage                       0.2313 ±0.0503  target[0.2400, 0.3400]  FAIL
  college.assist_percentage                                  0.5275 ±0.0657  target[0.4800, 0.6800]  PASS
  college.home_win_rate                                      0.2500 ±0.3269  target[0.5300, 0.5600]  FAIL
  college.overtime_rate                                      0.0000 ±0.2449  target[0.0400, 0.0800]  FAIL
  college.close_game_rate                                    0.5000 ±0.3500  target[0.2200, 0.3400]  FAIL
  college.blowout_rate                                       0.2500 ±0.3269  target[0.0800, 0.1800]  FAIL
  college.starter_mean_minutes                              24.0592 ±1.5210  INFORMATIONAL
  college.team_leading_scorer_mean                          15.7500 ±2.1518  INFORMATIONAL
  college.team_leading_scorer_p99                           20.8600  INFORMATIONAL

  report: res://reports/competition_calibration_replay_prefix_final_20260924_candidate_neutral_college.json
  FAIL sample.meets_certification_size: estimate 0.0000 outside BALANCE_SPEC.md §27.1 target [1.0000, 1.0000]
  FAIL college.points_per_possession: estimate 1.1024 outside BALANCE_SPEC.md §14.1 target [0.9800, 1.1000]
  FAIL college.offensive_rebound_percentage: estimate 0.2313 outside BALANCE_SPEC.md §14.1 target [0.2400, 0.3400]
  FAIL college.home_win_rate: estimate 0.2500 outside BALANCE_SPEC.md §14.2 target [0.5300, 0.5600]
  FAIL college.overtime_rate: estimate 0.0000 outside BALANCE_SPEC.md §14.2 target [0.0400, 0.0800]
  FAIL college.close_game_rate: estimate 0.5000 outside BALANCE_SPEC.md §14.2 target [0.2200, 0.3400]
  FAIL college.blowout_rate: estimate 0.2500 outside BALANCE_SPEC.md §14.2 target [0.0800, 0.1800]
  20 metric(s), 15 judged, 7 failure(s): FAIL
