Godot Engine v4.7.1.stable.official.a13da4feb - https://godotengine.org


  competition          poss    pts    PPP    FG%    3P%   3PAr    FT%   FTAr    TOV   ORB%   AST%     PF   STL   BLK
  overseas             76.1   76.5  1.005   40.2   31.1   35.1   80.3   24.9   16.4   21.4   59.3   18.3   5.1   3.5

  home win rate / overtime / close / blowout, by competition:
  overseas             75.0%    0.0%    0.0%   25.0%

=== Competition basketball calibration ===
  commit=unknown godot=4.7.1-stable (official) build=editor-debug (asserts active) rules=overseas/competition-v2-stopped-clock-pace balance=simulation_baseline/simulation-v17-stopped-foul-clock-and-live-rebound ratings=ratings-v1 targets=calibration-targets-v1 rng=godot-pcg32-v1+sha256-stream-key-v1 seeds=shard 5850000 of 5850001, seeds 23400001..23400004 inclusive n=4 complete games per competition elapsed=15938ms rate=0.3/s
  note: §27.1 certification sample is 100000 complete games per competition; this run used 4.
  note: Rule profiles are per competition; the provenance block names the first only. Each metric row carries its own competition id.

  sample.meets_certification_size                            0.0000  target[1.0000, 1.0000]  FAIL
  overseas.possessions_per_game                             76.1250 ±1.2527  target[70.0000, 82.0000]  PASS
  overseas.possession_estimate_per_game                     80.6600  INFORMATIONAL
  overseas.points_per_game                                  76.5000 ±8.2075  INFORMATIONAL
  overseas.points_per_possession                             1.0049 ±0.1191  target[1.0000, 1.1300]  PASS
  overseas.field_goal_percentage                             0.4018 ±0.0481  target[0.4300, 0.5100]  FAIL
  overseas.three_point_percentage                            0.3109 ±0.0648  target[0.3200, 0.3900]  FAIL
  overseas.three_point_attempt_rate                          0.3509 ±0.0398  target[0.3000, 0.4600]  PASS
  overseas.free_throw_percentage                             0.8029 ±0.0662  target[0.6900, 0.8200]  PASS
  overseas.free_throw_attempt_rate                           0.2491 ±0.0361  target[0.2000, 0.3900]  PASS
  overseas.turnovers_per_100_possessions                    16.4204  target[13.0000, 19.0000]  PASS
  overseas.offensive_rebound_percentage                      0.2138 ±0.0459  target[0.2300, 0.3400]  FAIL
  overseas.assist_percentage                                 0.5928 ±0.0642  target[0.5000, 0.7200]  PASS
  overseas.home_win_rate                                     0.7500 ±0.3269  target[0.5300, 0.5600]  FAIL
  overseas.overtime_rate                                     0.0000 ±0.2449  target[0.0400, 0.0800]  FAIL
  overseas.close_game_rate                                   0.0000 ±0.2449  target[0.2200, 0.3400]  FAIL
  overseas.blowout_rate                                      0.2500 ±0.3269  target[0.0800, 0.1800]  FAIL
  overseas.starter_mean_minutes                             24.3896 ±1.2078  INFORMATIONAL
  overseas.team_leading_scorer_mean                         16.5000 ±2.7718  INFORMATIONAL
  overseas.team_leading_scorer_p99                          21.0000  INFORMATIONAL

  report: res://reports/competition_calibration_replay_prefix_final_20260924_baseline_home_overseas.json
  FAIL sample.meets_certification_size: estimate 0.0000 outside BALANCE_SPEC.md §27.1 target [1.0000, 1.0000]
  FAIL overseas.field_goal_percentage: estimate 0.4018 outside BALANCE_SPEC.md §14.1 target [0.4300, 0.5100]
  FAIL overseas.three_point_percentage: estimate 0.3109 outside BALANCE_SPEC.md §14.1 target [0.3200, 0.3900]
  FAIL overseas.offensive_rebound_percentage: estimate 0.2138 outside BALANCE_SPEC.md §14.1 target [0.2300, 0.3400]
  FAIL overseas.home_win_rate: estimate 0.7500 outside BALANCE_SPEC.md §14.2 target [0.5300, 0.5600]
  FAIL overseas.overtime_rate: estimate 0.0000 outside BALANCE_SPEC.md §14.2 target [0.0400, 0.0800]
  FAIL overseas.close_game_rate: estimate 0.0000 outside BALANCE_SPEC.md §14.2 target [0.2200, 0.3400]
  FAIL overseas.blowout_rate: estimate 0.2500 outside BALANCE_SPEC.md §14.2 target [0.0800, 0.1800]
  20 metric(s), 15 judged, 8 failure(s): FAIL
