Godot Engine v4.7.1.stable.official.a13da4feb - https://godotengine.org

[2J[H[38;2;233;150;122m
--------------------------------------------------------------------------------------------------
GdUnit4 Comandline Tool
--------------------------------------------------------------------------------------------------[0m
[38;2;218;165;32m
Headless mode is ignored by option '--ignoreHeadlessMode'"

Please note that tests that use UI interaction do not work correctly in headless mode.
Godot 'InputEvents' are not transported by the Godot engine in headless mode and therefore
have no effect in the test!
[0m
[38;2;100;149;237mInstalling GdUnit4 session system hooks.[0m
[38;2;100;149;237mSession hook 'GdUnitHtmlTestReporter' installed.[0m
[38;2;100;149;237mSession hook 'GdUnitXMLTestReporter' installed.[0m
[38;2;0;206;209mRun Test Suite: [0m[38;2;250;235;215mres://tests/calibration/test_population_pairing.gd[0m
  [38;2;250;235;215mres://tests/calibration/test_population_pairing.gd[0m[38;2;128;128;128m > [0m[38;2;250;235;215mtest_legacy_pairing_has_a_two_point_raw_ladder_gap[0m[38;2;34;139;34m STARTED[0m[38;2;128;128;128m[0m
  [38;2;250;235;215mres://tests/calibration/test_population_pairing.gd[0m[38;2;128;128;128m > [0m[38;2;250;235;215mtest_legacy_pairing_has_a_two_point_raw_ladder_gap[0m[38;2;34;139;34m PASSED[0m[38;2;100;149;237m 14ms[0m
[38;2;128;128;128m[0m
  [38;2;250;235;215mres://tests/calibration/test_population_pairing.gd[0m[38;2;128;128;128m > [0m[38;2;250;235;215mtest_full_cartesian_cycle_and_aligned_marginals[0m[38;2;34;139;34m STARTED[0m[38;2;128;128;128m[0m
  [38;2;250;235;215mres://tests/calibration/test_population_pairing.gd[0m[38;2;128;128;128m > [0m[38;2;250;235;215mtest_full_cartesian_cycle_and_aligned_marginals[0m[38;2;34;139;34m PASSED[0m[38;2;100;149;237m 4s 326ms[0m
[38;2;128;128;128m[0m
  [38;2;250;235;215mres://tests/calibration/test_population_pairing.gd[0m[38;2;128;128;128m > [0m[38;2;250;235;215mtest_actual_rounded_rosters_cross_venue_and_opener[0m[38;2;34;139;34m STARTED[0m[38;2;128;128;128m[0m
  [38;2;250;235;215mres://tests/calibration/test_population_pairing.gd[0m[38;2;128;128;128m > [0m[38;2;250;235;215mtest_actual_rounded_rosters_cross_venue_and_opener[0m[38;2;34;139;34m PASSED[0m[38;2;100;149;237m 31s 479ms[0m
[38;2;128;128;128m[0m
  [38;2;250;235;215mres://tests/calibration/test_population_pairing.gd[0m[38;2;128;128;128m > [0m[38;2;250;235;215mtest_roster_period_repeatability_and_eligibility[0m[38;2;34;139;34m STARTED[0m[38;2;128;128;128m[0m
  [38;2;250;235;215mres://tests/calibration/test_population_pairing.gd[0m[38;2;128;128;128m > [0m[38;2;250;235;215mtest_roster_period_repeatability_and_eligibility[0m[38;2;34;139;34m PASSED[0m[38;2;100;149;237m 12s 416ms[0m
[38;2;128;128;128m[0m
  [38;2;250;235;215mres://tests/calibration/test_population_pairing.gd[0m[38;2;128;128;128m > [0m[38;2;250;235;215mtest_explicit_offsets_and_openers_remain_venue_attached[0m[38;2;34;139;34m STARTED[0m[38;2;128;128;128m[0m
  [38;2;250;235;215mres://tests/calibration/test_population_pairing.gd[0m[38;2;128;128;128m > [0m[38;2;250;235;215mtest_explicit_offsets_and_openers_remain_venue_attached[0m[38;2;34;139;34m PASSED[0m[38;2;100;149;237m 1s 11ms[0m
[38;2;128;128;128m[0m
  [38;2;250;235;215mres://tests/calibration/test_population_pairing.gd[0m[38;2;128;128;128m > [0m[38;2;250;235;215mtest_direct_mirror_keeps_original_roster_schedule[0m[38;2;34;139;34m STARTED[0m[38;2;128;128;128m[0m
  [38;2;250;235;215mres://tests/calibration/test_population_pairing.gd[0m[38;2;128;128;128m > [0m[38;2;250;235;215mtest_direct_mirror_keeps_original_roster_schedule[0m[38;2;34;139;34m PASSED[0m[38;2;100;149;237m 1s 59ms[0m
[38;2;128;128;128m[0m
  [38;2;250;235;215mres://tests/calibration/test_population_pairing.gd[0m[38;2;128;128;128m > [0m[38;2;250;235;215mtest_large_variations_preserve_identity_profiles_and_cycle[0m[38;2;34;139;34m STARTED[0m[38;2;128;128;128m[0m
  [38;2;250;235;215mres://tests/calibration/test_population_pairing.gd[0m[38;2;128;128;128m > [0m[38;2;250;235;215mtest_large_variations_preserve_identity_profiles_and_cycle[0m[38;2;34;139;34m PASSED[0m[38;2;100;149;237m 1s 948ms[0m
[38;2;128;128;128m[0m
  [38;2;250;235;215mres://tests/calibration/test_population_pairing.gd[0m[38;2;128;128;128m > [0m[38;2;250;235;215mtest_custom_population_consumers_share_the_schedule[0m[38;2;34;139;34m STARTED[0m[38;2;128;128;128m[0m
  [38;2;250;235;215mres://tests/calibration/test_population_pairing.gd[0m[38;2;128;128;128m > [0m[38;2;250;235;215mtest_custom_population_consumers_share_the_schedule[0m[38;2;34;139;34m PASSED[0m[38;2;100;149;237m 37ms[0m
[38;2;128;128;128m[0m
[38;2;30;144;255mStatistics:[0m[38;2;128;128;128m 8 test cases | 0 errors | 0 failures | 0 flaky | 0 skipped | 0 orphans |[0m[38;2;34;139;34m PASSED[0m[38;2;100;149;237m 52s 405ms[0m
[38;2;128;128;128m[0m
[38;2;128;128;128m[0m
[38;2;30;144;255mOverall Summary:[0m[38;2;255;255;255m 8 test cases | 0 errors | 0 failures | 0 flaky | 0 skipped | 0 orphans |[0m
[38;2;233;150;122mExecuted test suites: (1/1)[0m
[38;2;233;150;122mExecuted test cases : (8/8)[0m
[38;2;233;150;122mTotal execution time: 52s 405ms[0m
[38;2;255;255;255m [0m[38;2;100;149;237mOpen XML Report at: file://C:/Users/valexander/AppData/Local/Temp/leaguebound-pairing-d69406281f004e319b018cb20b25ba6c/reports/report_1/results.xml[0m
[38;2;100;149;237mOpen HTML Report at: file://C:/Users/valexander/AppData/Local/Temp/leaguebound-pairing-d69406281f004e319b018cb20b25ba6c/reports/report_1/index.html[0m
[38;2;233;150;122mExit code: 0[0m
Run dispose test resources
