Godot Engine v4.7.1.stable.official.a13da4feb - https://godotengine.org


  competition          poss    pts    PPP    FG%    3P%   3PAr    FT%   FTAr    TOV   ORB%   AST%     PF   STL   BLK
  top_domestic_pro    100.9  119.0  1.180   45.9   42.1   37.2   78.3   24.5   13.6   21.8   55.1   23.3   7.3   5.3

  home win rate / overtime / close / blowout, by competition:
  top_domestic_pro     50.0%    0.0%   25.0%    0.0%

=== Competition basketball calibration ===
  commit=unknown godot=4.7.1-stable (official) build=editor-debug (asserts active) rules=top_domestic_pro/competition-v2-stopped-clock-pace balance=simulation_baseline/simulation-v17-stopped-foul-clock-and-live-rebound ratings=ratings-v1 targets=calibration-targets-v1 rng=godot-pcg32-v1+sha256-stream-key-v1 seeds=shard 5850000 of 5850001, seeds 23400001..23400004 inclusive n=4 complete games per competition elapsed=22546ms rate=0.2/s
  note: §27.1 certification sample is 100000 complete games per competition; this run used 4.
  note: Rule profiles are per competition; the provenance block names the first only. Each metric row carries its own competition id.

  sample.meets_certification_size                            0.0000  target[1.0000, 1.0000]  FAIL
  top_domestic_pro.possessions_per_game                    100.8750 ±1.4074  target[96.0000, 103.0000]  PASS
  top_domestic_pro.possession_estimate_per_game            107.7450  INFORMATIONAL
  top_domestic_pro.points_per_game                         119.0000 ±4.5213  INFORMATIONAL
  top_domestic_pro.points_per_possession                     1.1797 ±0.0525  target[1.0800, 1.1800]  PASS
  top_domestic_pro.field_goal_percentage                     0.4588 ±0.0355  target[0.4500, 0.5100]  PASS
  top_domestic_pro.three_point_percentage                    0.4214 ±0.0575  target[0.3400, 0.4000]  FAIL
  top_domestic_pro.three_point_attempt_rate                  0.3723 ±0.0345  target[0.3600, 0.4900]  PASS
  top_domestic_pro.free_throw_percentage                     0.7826 ±0.0593  target[0.7300, 0.8300]  PASS
  top_domestic_pro.free_throw_attempt_rate                   0.2447 ±0.0307  target[0.1800, 0.3400]  PASS
  top_domestic_pro.turnovers_per_100_possessions            13.6307  target[11.0000, 16.0000]  PASS
  top_domestic_pro.offensive_rebound_percentage              0.2183 ±0.0419  target[0.2000, 0.3100]  PASS
  top_domestic_pro.assist_percentage                         0.5507 ±0.0522  target[0.5200, 0.7200]  PASS
  top_domestic_pro.home_win_rate                             0.5000 ±0.3500  target[0.5300, 0.5600]  FAIL
  top_domestic_pro.overtime_rate                             0.0000 ±0.2449  target[0.0400, 0.0800]  FAIL
  top_domestic_pro.close_game_rate                           0.2500 ±0.3269  target[0.2200, 0.3400]  PASS
  top_domestic_pro.blowout_rate                              0.0000 ±0.2449  target[0.0800, 0.1800]  FAIL
  top_domestic_pro.starter_mean_minutes                     30.4946 ±1.1052  target[27.0000, 35.0000]  PASS
  top_domestic_pro.star_mean_minutes                        32.6771  target[12.0000, 36.0000]  PASS
  top_domestic_pro.rotation_mean_minutes                    19.4073  target[12.0000, 36.0000]  PASS
  top_domestic_pro.team_leading_scorer_mean                 23.3750 ±3.6280  INFORMATIONAL
  top_domestic_pro.team_leading_scorer_p99                  30.7200  INFORMATIONAL

  report: res://reports/competition_calibration_replay_prefix_final_20260924_baseline_neutral_top_domestic_pro.json
  FAIL sample.meets_certification_size: estimate 0.0000 outside BALANCE_SPEC.md §27.1 target [1.0000, 1.0000]
  FAIL top_domestic_pro.three_point_percentage: estimate 0.4214 outside BALANCE_SPEC.md §14.1 target [0.3400, 0.4000]
  FAIL top_domestic_pro.home_win_rate: estimate 0.5000 outside BALANCE_SPEC.md §14.2 target [0.5300, 0.5600]
  FAIL top_domestic_pro.overtime_rate: estimate 0.0000 outside BALANCE_SPEC.md §14.2 target [0.0400, 0.0800]
  FAIL top_domestic_pro.blowout_rate: estimate 0.0000 outside BALANCE_SPEC.md §14.2 target [0.0800, 0.1800]
  22 metric(s), 18 judged, 5 failure(s): FAIL
