Godot Engine v4.7.1.stable.official.a13da4feb - https://godotengine.org

[2J[H[38;2;233;150;122m
--------------------------------------------------------------------------------------------------
GdUnit4 Comandline Tool
--------------------------------------------------------------------------------------------------[0m
[38;2;218;165;32m
Headless mode is ignored by option '--ignoreHeadlessMode'"

Please note that tests that use UI interaction do not work correctly in headless mode.
Godot 'InputEvents' are not transported by the Godot engine in headless mode and therefore
have no effect in the test!
[0m
[38;2;100;149;237mInstalling GdUnit4 session system hooks.[0m
[38;2;100;149;237mSession hook 'GdUnitHtmlTestReporter' installed.[0m
[38;2;100;149;237mSession hook 'GdUnitXMLTestReporter' installed.[0m
[38;2;0;206;209mRun Test Suite: [0m[38;2;250;235;215mres://tests/simulation/test_endgame_corrections.gd[0m
  [38;2;250;235;215mres://tests/simulation/test_endgame_corrections.gd[0m[38;2;128;128;128m > [0m[38;2;250;235;215mtest_college_refuses_to_advance_the_ball_on_a_timeout[0m[38;2;34;139;34m STARTED[0m[38;2;128;128;128m[0m
  [38;2;250;235;215mres://tests/simulation/test_endgame_corrections.gd[0m[38;2;128;128;128m > [0m[38;2;250;235;215mtest_college_refuses_to_advance_the_ball_on_a_timeout[0m[38;2;34;139;34m PASSED[0m[38;2;100;149;237m 16ms[0m
[38;2;128;128;128m[0m
  [38;2;250;235;215mres://tests/simulation/test_endgame_corrections.gd[0m[38;2;128;128;128m > [0m[38;2;250;235;215mtest_no_college_game_emits_an_advance_timeout[0m[38;2;34;139;34m STARTED[0m[38;2;128;128;128m[0m
  [38;2;250;235;215mres://tests/simulation/test_endgame_corrections.gd[0m[38;2;128;128;128m > [0m[38;2;250;235;215mtest_no_college_game_emits_an_advance_timeout[0m[38;2;34;139;34m PASSED[0m[38;2;100;149;237m 16s 539ms[0m
[38;2;128;128;128m[0m
  [38;2;250;235;215mres://tests/simulation/test_endgame_corrections.gd[0m[38;2;128;128;128m > [0m[38;2;250;235;215mtest_top_domestic_still_advances_the_ball_when_a_coach_would[0m[38;2;34;139;34m STARTED[0m[38;2;128;128;128m[0m
  [38;2;250;235;215mres://tests/simulation/test_endgame_corrections.gd[0m[38;2;128;128;128m > [0m[38;2;250;235;215mtest_top_domestic_still_advances_the_ball_when_a_coach_would[0m[38;2;34;139;34m PASSED[0m[38;2;100;149;237m 17ms[0m
[38;2;128;128;128m[0m
  [38;2;250;235;215mres://tests/simulation/test_endgame_corrections.gd[0m[38;2;128;128;128m > [0m[38;2;250;235;215mtest_the_advance_timeout_is_still_reachable_in_real_top_domestic_games[0m[38;2;34;139;34m STARTED[0m[38;2;128;128;128m[0m
  [38;2;250;235;215mres://tests/simulation/test_endgame_corrections.gd[0m[38;2;128;128;128m > [0m[38;2;250;235;215mtest_the_advance_timeout_is_still_reachable_in_real_top_domestic_games[0m[38;2;34;139;34m PASSED[0m[38;2;100;149;237m 2min 15s 235ms[0m
[38;2;128;128;128m[0m
  [38;2;250;235;215mres://tests/simulation/test_endgame_corrections.gd[0m[38;2;128;128;128m > [0m[38;2;250;235;215mtest_an_advancing_team_finishes_the_match_still_holding_its_reserve[0m[38;2;34;139;34m STARTED[0m[38;2;128;128;128m[0m
  [38;2;250;235;215mres://tests/simulation/test_endgame_corrections.gd[0m[38;2;128;128;128m > [0m[38;2;250;235;215mtest_an_advancing_team_finishes_the_match_still_holding_its_reserve[0m[38;2;34;139;34m PASSED[0m[38;2;100;149;237m 1min 52s 579ms[0m
[38;2;128;128;128m[0m
  [38;2;250;235;215mres://tests/simulation/test_endgame_corrections.gd[0m[38;2;128;128;128m > [0m[38;2;250;235;215mtest_a_tied_team_holds_for_the_final_shot[0m[38;2;34;139;34m STARTED[0m[38;2;128;128;128m[0m
  [38;2;250;235;215mres://tests/simulation/test_endgame_corrections.gd[0m[38;2;128;128;128m > [0m[38;2;250;235;215mtest_a_tied_team_holds_for_the_final_shot[0m[38;2;34;139;34m PASSED[0m[38;2;100;149;237m 13ms[0m
[38;2;128;128;128m[0m
  [38;2;250;235;215mres://tests/simulation/test_endgame_corrections.gd[0m[38;2;128;128;128m > [0m[38;2;250;235;215mtest_a_comfortable_lead_drains_the_clock_instead_of_boosting_its_closer[0m[38;2;34;139;34m STARTED[0m[38;2;128;128;128m[0m
  [38;2;250;235;215mres://tests/simulation/test_endgame_corrections.gd[0m[38;2;128;128;128m > [0m[38;2;250;235;215mtest_a_comfortable_lead_drains_the_clock_instead_of_boosting_its_closer[0m[38;2;34;139;34m PASSED[0m[38;2;100;149;237m 18ms[0m
[38;2;128;128;128m[0m
  [38;2;250;235;215mres://tests/simulation/test_endgame_corrections.gd[0m[38;2;128;128;128m > [0m[38;2;250;235;215mtest_a_trailing_team_intentionally_misses_its_final_free_throw[0m[38;2;34;139;34m STARTED[0m[38;2;128;128;128m[0m
  [38;2;250;235;215mres://tests/simulation/test_endgame_corrections.gd[0m[38;2;128;128;128m > [0m[38;2;250;235;215mtest_a_trailing_team_intentionally_misses_its_final_free_throw[0m[38;2;34;139;34m PASSED[0m[38;2;100;149;237m 23ms[0m
[38;2;128;128;128m[0m
  [38;2;250;235;215mres://tests/simulation/test_endgame_corrections.gd[0m[38;2;128;128;128m > [0m[38;2;250;235;215mtest_the_intentional_miss_enters_the_ordinary_live_rebound[0m[38;2;34;139;34m STARTED[0m[38;2;128;128;128m[0m
  [38;2;250;235;215mres://tests/simulation/test_endgame_corrections.gd[0m[38;2;128;128;128m > [0m[38;2;250;235;215mtest_the_intentional_miss_enters_the_ordinary_live_rebound[0m[38;2;34;139;34m PASSED[0m[38;2;100;149;237m 20ms[0m
[38;2;128;128;128m[0m
  [38;2;250;235;215mres://tests/simulation/test_endgame_corrections.gd[0m[38;2;128;128;128m > [0m[38;2;250;235;215mtest_the_defence_can_win_the_board_after_an_intentional_miss[0m[38;2;34;139;34m STARTED[0m[38;2;128;128;128m[0m
  [38;2;250;235;215mres://tests/simulation/test_endgame_corrections.gd[0m[38;2;128;128;128m > [0m[38;2;250;235;215mtest_the_defence_can_win_the_board_after_an_intentional_miss[0m[38;2;34;139;34m PASSED[0m[38;2;100;149;237m 2s 193ms[0m
[38;2;128;128;128m[0m
  [38;2;250;235;215mres://tests/simulation/test_endgame_corrections.gd[0m[38;2;128;128;128m > [0m[38;2;250;235;215mtest_a_leading_team_at_the_line_never_intentionally_misses[0m[38;2;34;139;34m STARTED[0m[38;2;128;128;128m[0m
  [38;2;250;235;215mres://tests/simulation/test_endgame_corrections.gd[0m[38;2;128;128;128m > [0m[38;2;250;235;215mtest_a_leading_team_at_the_line_never_intentionally_misses[0m[38;2;34;139;34m PASSED[0m[38;2;100;149;237m 1s 903ms[0m
[38;2;128;128;128m[0m
  [38;2;250;235;215mres://tests/simulation/test_endgame_corrections.gd[0m[38;2;128;128;128m > [0m[38;2;250;235;215mtest_no_leading_by_three_foul_is_committed_outside_the_bonus[0m[38;2;34;139;34m STARTED[0m[38;2;128;128;128m[0m
  [38;2;250;235;215mres://tests/simulation/test_endgame_corrections.gd[0m[38;2;128;128;128m > [0m[38;2;250;235;215mtest_no_leading_by_three_foul_is_committed_outside_the_bonus[0m[38;2;34;139;34m PASSED[0m[38;2;100;149;237m 1s 814ms[0m
[38;2;128;128;128m[0m
  [38;2;250;235;215mres://tests/simulation/test_endgame_corrections.gd[0m[38;2;128;128;128m > [0m[38;2;250;235;215mtest_at_most_one_leading_by_three_foul_per_possession[0m[38;2;34;139;34m STARTED[0m[38;2;128;128;128m[0m
  [38;2;250;235;215mres://tests/simulation/test_endgame_corrections.gd[0m[38;2;128;128;128m > [0m[38;2;250;235;215mtest_at_most_one_leading_by_three_foul_per_possession[0m[38;2;34;139;34m PASSED[0m[38;2;100;149;237m 370ms[0m
[38;2;128;128;128m[0m
  [38;2;250;235;215mres://tests/simulation/test_endgame_corrections.gd[0m[38;2;128;128;128m > [0m[38;2;250;235;215mtest_no_played_match_commits_two_leading_by_three_fouls_in_one_possession[0m[38;2;34;139;34m STARTED[0m[38;2;128;128;128m[0m
  [38;2;250;235;215mres://tests/simulation/test_endgame_corrections.gd[0m[38;2;128;128;128m > [0m[38;2;250;235;215mtest_no_played_match_commits_two_leading_by_three_fouls_in_one_possession[0m[38;2;34;139;34m PASSED[0m[38;2;100;149;237m 41s 335ms[0m
[38;2;128;128;128m[0m
  [38;2;250;235;215mres://tests/simulation/test_endgame_corrections.gd[0m[38;2;128;128;128m > [0m[38;2;250;235;215mtest_quick_two_never_overlaps_the_tie_seeking_window_at_any_stakes_tier[0m[38;2;34;139;34m STARTED[0m[38;2;128;128;128m[0m
  [38;2;250;235;215mres://tests/simulation/test_endgame_corrections.gd[0m[38;2;128;128;128m > [0m[38;2;250;235;215mtest_quick_two_never_overlaps_the_tie_seeking_window_at_any_stakes_tier[0m[38;2;34;139;34m PASSED[0m[38;2;100;149;237m 29ms[0m
[38;2;128;128;128m[0m
  [38;2;250;235;215mres://tests/simulation/test_endgame_corrections.gd[0m[38;2;128;128;128m > [0m[38;2;250;235;215mtest_regular_season_quick_two_clock_boundaries_are_unchanged[0m[38;2;34;139;34m STARTED[0m[38;2;128;128;128m[0m
  [38;2;250;235;215mres://tests/simulation/test_endgame_corrections.gd[0m[38;2;128;128;128m > [0m[38;2;250;235;215mtest_regular_season_quick_two_clock_boundaries_are_unchanged[0m[38;2;34;139;34m PASSED[0m[38;2;100;149;237m 18ms[0m
[38;2;128;128;128m[0m
  [38;2;250;235;215mres://tests/simulation/test_endgame_corrections.gd[0m[38;2;128;128;128m > [0m[38;2;250;235;215mtest_quick_two_does_not_depend_on_an_unspent_timeout[0m[38;2;34;139;34m STARTED[0m[38;2;128;128;128m[0m
  [38;2;250;235;215mres://tests/simulation/test_endgame_corrections.gd[0m[38;2;128;128;128m > [0m[38;2;250;235;215mtest_quick_two_does_not_depend_on_an_unspent_timeout[0m[38;2;34;139;34m PASSED[0m[38;2;100;149;237m 17ms[0m
[38;2;128;128;128m[0m
  [38;2;250;235;215mres://tests/simulation/test_endgame_corrections.gd[0m[38;2;128;128;128m > [0m[38;2;250;235;215mtest_putbacks_carry_the_endgame_decision_in_force[0m[38;2;34;139;34m STARTED[0m[38;2;128;128;128m[0m
  [38;2;250;235;215mres://tests/simulation/test_endgame_corrections.gd[0m[38;2;128;128;128m > [0m[38;2;250;235;215mtest_putbacks_carry_the_endgame_decision_in_force[0m[38;2;34;139;34m PASSED[0m[38;2;100;149;237m 1s 352ms[0m
[38;2;128;128;128m[0m
  [38;2;250;235;215mres://tests/simulation/test_endgame_corrections.gd[0m[38;2;128;128;128m > [0m[38;2;250;235;215mtest_validate_refuses_a_quick_two_window_with_no_span[0m[38;2;34;139;34m STARTED[0m[38;2;128;128;128m[0m
  [38;2;250;235;215mres://tests/simulation/test_endgame_corrections.gd[0m[38;2;128;128;128m > [0m[38;2;250;235;215mtest_validate_refuses_a_quick_two_window_with_no_span[0m[38;2;34;139;34m PASSED[0m[38;2;100;149;237m 17ms[0m
[38;2;128;128;128m[0m
[38;2;30;144;255mStatistics:[0m[38;2;128;128;128m 19 test cases | 0 errors | 0 failures | 0 flaky | 0 skipped | 0 orphans |[0m[38;2;34;139;34m PASSED[0m[38;2;100;149;237m 5min 13s 811ms[0m
[38;2;128;128;128m[0m
[38;2;128;128;128m[0m
[38;2;30;144;255mOverall Summary:[0m[38;2;255;255;255m 19 test cases | 0 errors | 0 failures | 0 flaky | 0 skipped | 0 orphans |[0m
[38;2;233;150;122mExecuted test suites: (1/1)[0m
[38;2;233;150;122mExecuted test cases : (19/19)[0m
[38;2;233;150;122mTotal execution time: 5min 13s 811ms[0m
[38;2;255;255;255m [0m[38;2;100;149;237mOpen XML Report at: file://C:/Users/valexander/leaguebound-godot-core/reports/report_117/results.xml[0m
[38;2;100;149;237mOpen HTML Report at: file://C:/Users/valexander/leaguebound-godot-core/reports/report_117/index.html[0m
[38;2;233;150;122mExit code: 0[0m
Run dispose test resources
