Godot Engine v4.7.1.stable.official.a13da4feb - https://godotengine.org

[2J[H[38;2;233;150;122m
--------------------------------------------------------------------------------------------------
GdUnit4 Comandline Tool
--------------------------------------------------------------------------------------------------[0m
[38;2;218;165;32m
Headless mode is ignored by option '--ignoreHeadlessMode'"

Please note that tests that use UI interaction do not work correctly in headless mode.
Godot 'InputEvents' are not transported by the Godot engine in headless mode and therefore
have no effect in the test!
[0m
[38;2;100;149;237mInstalling GdUnit4 session system hooks.[0m
[38;2;100;149;237mSession hook 'GdUnitHtmlTestReporter' installed.[0m
[38;2;100;149;237mSession hook 'GdUnitXMLTestReporter' installed.[0m
[38;2;0;206;209mRun Test Suite: [0m[38;2;250;235;215mres://tests/simulation/test_putback_wiring.gd[0m
  [38;2;250;235;215mres://tests/simulation/test_putback_wiring.gd[0m[38;2;128;128;128m > [0m[38;2;250;235;215mtest_putbacks_carry_the_endgame_decision_in_force[0m[38;2;34;139;34m STARTED[0m[38;2;128;128;128m[0m
  [38;2;250;235;215mres://tests/simulation/test_putback_wiring.gd[0m[38;2;128;128;128m > [0m[38;2;250;235;215mtest_putbacks_carry_the_endgame_decision_in_force[0m[38;2;34;139;34m PASSED[0m[38;2;100;149;237m 1s 881ms[0m
[38;2;128;128;128m[0m
[38;2;30;144;255mStatistics:[0m[38;2;128;128;128m 1 test cases | 0 errors | 0 failures | 0 flaky | 0 skipped | 0 orphans |[0m[38;2;34;139;34m PASSED[0m[38;2;100;149;237m 1s 911ms[0m
[38;2;128;128;128m[0m
[38;2;128;128;128m[0m
[38;2;30;144;255mOverall Summary:[0m[38;2;255;255;255m 1 test cases | 0 errors | 0 failures | 0 flaky | 0 skipped | 0 orphans |[0m
[38;2;233;150;122mExecuted test suites: (1/1)[0m
[38;2;233;150;122mExecuted test cases : (1/1)[0m
[38;2;233;150;122mTotal execution time: 1s 911ms[0m
[38;2;255;255;255m [0m[38;2;100;149;237mOpen XML Report at: file://C:/Users/valexander/AppData/Local/Temp/leaguebound-timing-447d7a632ec140cfbac376bc91a29894/reports/report_11/results.xml[0m
[38;2;100;149;237mOpen HTML Report at: file://C:/Users/valexander/AppData/Local/Temp/leaguebound-timing-447d7a632ec140cfbac376bc91a29894/reports/report_11/index.html[0m
[38;2;233;150;122mExit code: 0[0m
Run dispose test resources
