Godot Engine v4.7.1.stable.official.a13da4feb - https://godotengine.org

[2J[H[38;2;233;150;122m
--------------------------------------------------------------------------------------------------
GdUnit4 Comandline Tool
--------------------------------------------------------------------------------------------------[0m
[38;2;218;165;32m
Headless mode is ignored by option '--ignoreHeadlessMode'"

Please note that tests that use UI interaction do not work correctly in headless mode.
Godot 'InputEvents' are not transported by the Godot engine in headless mode and therefore
have no effect in the test!
[0m
[38;2;100;149;237mInstalling GdUnit4 session system hooks.[0m
[38;2;100;149;237mSession hook 'GdUnitHtmlTestReporter' installed.[0m
[38;2;100;149;237mSession hook 'GdUnitXMLTestReporter' installed.[0m
[38;2;0;206;209mRun Test Suite: [0m[38;2;250;235;215mres://tests/simulation/test_score_margin.gd[0m
  [38;2;250;235;215mres://tests/simulation/test_score_margin.gd[0m[38;2;128;128;128m > [0m[38;2;250;235;215mtest_identical_rosters_have_no_systematic_edge[0m[38;2;34;139;34m STARTED[0m[38;2;128;128;128m[0m
  [38;2;250;235;215mres://tests/simulation/test_score_margin.gd[0m[38;2;128;128;128m > [0m[38;2;250;235;215mtest_identical_rosters_have_no_systematic_edge[0m[38;2;34;139;34m PASSED[0m[38;2;100;149;237m 44s 542ms[0m
[38;2;128;128;128m[0m
  [38;2;250;235;215mres://tests/simulation/test_score_margin.gd[0m[38;2;128;128;128m > [0m[38;2;250;235;215mtest_identical_rosters_receive_the_same_rotation[0m[38;2;34;139;34m STARTED[0m[38;2;128;128;128m[0m
  [38;2;250;235;215mres://tests/simulation/test_score_margin.gd[0m[38;2;128;128;128m > [0m[38;2;250;235;215mtest_identical_rosters_receive_the_same_rotation[0m[38;2;34;139;34m PASSED[0m[38;2;100;149;237m 102ms[0m
[38;2;128;128;128m[0m
  [38;2;250;235;215mres://tests/simulation/test_score_margin.gd[0m[38;2;128;128;128m > [0m[38;2;250;235;215mtest_swapping_identical_rosters_preserves_the_ledger[0m[38;2;34;139;34m STARTED[0m[38;2;128;128;128m[0m
  [38;2;250;235;215mres://tests/simulation/test_score_margin.gd[0m[38;2;128;128;128m > [0m[38;2;250;235;215mtest_swapping_identical_rosters_preserves_the_ledger[0m[38;2;34;139;34m PASSED[0m[38;2;100;149;237m 2s 802ms[0m
[38;2;128;128;128m[0m
  [38;2;250;235;215mres://tests/simulation/test_score_margin.gd[0m[38;2;128;128;128m > [0m[38;2;250;235;215mtest_capability_edge_moves_the_margin_monotonically_and_boundedly[0m[38;2;34;139;34m STARTED[0m[38;2;128;128;128m[0m
  [38;2;250;235;215mres://tests/simulation/test_score_margin.gd[0m[38;2;128;128;128m > [0m[38;2;250;235;215mtest_capability_edge_moves_the_margin_monotonically_and_boundedly[0m[38;2;34;139;34m PASSED[0m[38;2;100;149;237m 1min 26s 881ms[0m
[38;2;128;128;128m[0m
  [38;2;250;235;215mres://tests/simulation/test_score_margin.gd[0m[38;2;128;128;128m > [0m[38;2;250;235;215mtest_capability_edge_and_neutral_distributions_overlap[0m[38;2;34;139;34m STARTED[0m[38;2;128;128;128m[0m
  [38;2;250;235;215mres://tests/simulation/test_score_margin.gd[0m[38;2;128;128;128m > [0m[38;2;250;235;215mtest_capability_edge_and_neutral_distributions_overlap[0m[38;2;34;139;34m PASSED[0m[38;2;100;149;237m 24ms[0m
[38;2;128;128;128m[0m
  [38;2;250;235;215mres://tests/simulation/test_score_margin.gd[0m[38;2;128;128;128m > [0m[38;2;250;235;215mtest_named_full_game_upset_proves_capability_does_not_force_winner[0m[38;2;34;139;34m STARTED[0m[38;2;128;128;128m[0m
  [38;2;250;235;215mres://tests/simulation/test_score_margin.gd[0m[38;2;128;128;128m > [0m[38;2;250;235;215mtest_named_full_game_upset_proves_capability_does_not_force_winner[0m[38;2;34;139;34m PASSED[0m[38;2;100;149;237m 2s 314ms[0m
[38;2;128;128;128m[0m
  [38;2;250;235;215mres://tests/simulation/test_score_margin.gd[0m[38;2;128;128;128m > [0m[38;2;250;235;215mtest_even_matchups_retain_stochastic_variation[0m[38;2;34;139;34m STARTED[0m[38;2;128;128;128m[0m
  [38;2;250;235;215mres://tests/simulation/test_score_margin.gd[0m[38;2;128;128;128m > [0m[38;2;250;235;215mtest_even_matchups_retain_stochastic_variation[0m[38;2;34;139;34m PASSED[0m[38;2;100;149;237m 22ms[0m
[38;2;128;128;128m[0m
  [38;2;250;235;215mres://tests/simulation/test_score_margin.gd[0m[38;2;128;128;128m > [0m[38;2;250;235;215mtest_no_clamp_bounds_the_final_margin[0m[38;2;34;139;34m STARTED[0m[38;2;128;128;128m[0m
  [38;2;250;235;215mres://tests/simulation/test_score_margin.gd[0m[38;2;128;128;128m > [0m[38;2;250;235;215mtest_no_clamp_bounds_the_final_margin[0m[38;2;34;139;34m PASSED[0m[38;2;100;149;237m 21ms[0m
[38;2;128;128;128m[0m
  [38;2;250;235;215mres://tests/simulation/test_score_margin.gd[0m[38;2;128;128;128m > [0m[38;2;250;235;215mtest_resolution_ignores_the_score_in_the_body_of_the_game[0m[38;2;34;139;34m STARTED[0m[38;2;128;128;128m[0m
  [38;2;250;235;215mres://tests/simulation/test_score_margin.gd[0m[38;2;128;128;128m > [0m[38;2;250;235;215mtest_resolution_ignores_the_score_in_the_body_of_the_game[0m[38;2;34;139;34m PASSED[0m[38;2;100;149;237m 76ms[0m
[38;2;128;128;128m[0m
  [38;2;250;235;215mres://tests/simulation/test_score_margin.gd[0m[38;2;128;128;128m > [0m[38;2;250;235;215mtest_no_trailing_or_leading_modifier_exists[0m[38;2;34;139;34m STARTED[0m[38;2;128;128;128m[0m
  [38;2;250;235;215mres://tests/simulation/test_score_margin.gd[0m[38;2;128;128;128m > [0m[38;2;250;235;215mtest_no_trailing_or_leading_modifier_exists[0m[38;2;34;139;34m PASSED[0m[38;2;100;149;237m 72ms[0m
[38;2;128;128;128m[0m
  [38;2;250;235;215mres://tests/simulation/test_score_margin.gd[0m[38;2;128;128;128m > [0m[38;2;250;235;215mtest_the_managed_window_changes_selection_and_not_resolution[0m[38;2;34;139;34m STARTED[0m[38;2;128;128;128m[0m
  [38;2;250;235;215mres://tests/simulation/test_score_margin.gd[0m[38;2;128;128;128m > [0m[38;2;250;235;215mtest_the_managed_window_changes_selection_and_not_resolution[0m[38;2;34;139;34m PASSED[0m[38;2;100;149;237m 357ms[0m
[38;2;128;128;128m[0m
  [38;2;250;235;215mres://tests/simulation/test_score_margin.gd[0m[38;2;128;128;128m > [0m[38;2;250;235;215mtest_intentional_fouling_activates_only_under_valid_conditions[0m[38;2;34;139;34m STARTED[0m[38;2;128;128;128m[0m
  [38;2;250;235;215mres://tests/simulation/test_score_margin.gd[0m[38;2;128;128;128m > [0m[38;2;250;235;215mtest_intentional_fouling_activates_only_under_valid_conditions[0m[38;2;34;139;34m PASSED[0m[38;2;100;149;237m 29ms[0m
[38;2;128;128;128m[0m
  [38;2;250;235;215mres://tests/simulation/test_score_margin.gd[0m[38;2;128;128;128m > [0m[38;2;250;235;215mtest_the_rotation_reads_the_settled_mode_and_does_not_recompute_it[0m[38;2;34;139;34m STARTED[0m[38;2;128;128;128m[0m
  [38;2;250;235;215mres://tests/simulation/test_score_margin.gd[0m[38;2;128;128;128m > [0m[38;2;250;235;215mtest_the_rotation_reads_the_settled_mode_and_does_not_recompute_it[0m[38;2;34;139;34m PASSED[0m[38;2;100;149;237m 30ms[0m
[38;2;128;128;128m[0m
  [38;2;250;235;215mres://tests/simulation/test_score_margin.gd[0m[38;2;128;128;128m > [0m[38;2;250;235;215mtest_settled_game_rotation_converges[0m[38;2;34;139;34m STARTED[0m[38;2;128;128;128m[0m
  [38;2;250;235;215mres://tests/simulation/test_score_margin.gd[0m[38;2;128;128;128m > [0m[38;2;250;235;215mtest_settled_game_rotation_converges[0m[38;2;34;139;34m PASSED[0m[38;2;100;149;237m 26ms[0m
[38;2;128;128;128m[0m
  [38;2;250;235;215mres://tests/simulation/test_score_margin.gd[0m[38;2;128;128;128m > [0m[38;2;250;235;215mtest_regulation_ties_enter_overtime[0m[38;2;34;139;34m STARTED[0m[38;2;128;128;128m[0m
  [38;2;250;235;215mres://tests/simulation/test_score_margin.gd[0m[38;2;128;128;128m > [0m[38;2;250;235;215mtest_regulation_ties_enter_overtime[0m[38;2;34;139;34m PASSED[0m[38;2;100;149;237m 1s 927ms[0m
[38;2;128;128;128m[0m
  [38;2;250;235;215mres://tests/simulation/test_score_margin.gd[0m[38;2;128;128;128m > [0m[38;2;250;235;215mtest_overtime_games_reconcile[0m[38;2;34;139;34m STARTED[0m[38;2;128;128;128m[0m
  [38;2;250;235;215mres://tests/simulation/test_score_margin.gd[0m[38;2;128;128;128m > [0m[38;2;250;235;215mtest_overtime_games_reconcile[0m[38;2;34;139;34m PASSED[0m[38;2;100;149;237m 26ms[0m
[38;2;128;128;128m[0m
  [38;2;250;235;215mres://tests/simulation/test_score_margin.gd[0m[38;2;128;128;128m > [0m[38;2;250;235;215mtest_possessions_scores_and_points_per_possession_reconcile[0m[38;2;34;139;34m STARTED[0m[38;2;128;128;128m[0m
  [38;2;250;235;215mres://tests/simulation/test_score_margin.gd[0m[38;2;128;128;128m > [0m[38;2;250;235;215mtest_possessions_scores_and_points_per_possession_reconcile[0m[38;2;34;139;34m PASSED[0m[38;2;100;149;237m 39ms[0m
[38;2;128;128;128m[0m
  [38;2;250;235;215mres://tests/simulation/test_score_margin.gd[0m[38;2;128;128;128m > [0m[38;2;250;235;215mtest_repeated_games_do_not_leak_state[0m[38;2;34;139;34m STARTED[0m[38;2;128;128;128m[0m
  [38;2;250;235;215mres://tests/simulation/test_score_margin.gd[0m[38;2;128;128;128m > [0m[38;2;250;235;215mtest_repeated_games_do_not_leak_state[0m[38;2;34;139;34m PASSED[0m[38;2;100;149;237m 4s 621ms[0m
[38;2;128;128;128m[0m
  [38;2;250;235;215mres://tests/simulation/test_score_margin.gd[0m[38;2;128;128;128m > [0m[38;2;250;235;215mtest_play_sim_and_skip_agree_on_the_margin[0m[38;2;34;139;34m STARTED[0m[38;2;128;128;128m[0m
  [38;2;250;235;215mres://tests/simulation/test_score_margin.gd[0m[38;2;128;128;128m > [0m[38;2;250;235;215mtest_play_sim_and_skip_agree_on_the_margin[0m[38;2;34;139;34m PASSED[0m[38;2;100;149;237m 3s 518ms[0m
[38;2;128;128;128m[0m
[38;2;30;144;255mStatistics:[0m[38;2;128;128;128m 19 test cases | 0 errors | 0 failures | 0 flaky | 0 skipped | 0 orphans |[0m[38;2;34;139;34m PASSED[0m[38;2;100;149;237m 2min 27s 558ms[0m
[38;2;128;128;128m[0m
[38;2;128;128;128m[0m
[38;2;30;144;255mOverall Summary:[0m[38;2;255;255;255m 19 test cases | 0 errors | 0 failures | 0 flaky | 0 skipped | 0 orphans |[0m
[38;2;233;150;122mExecuted test suites: (1/1)[0m
[38;2;233;150;122mExecuted test cases : (19/19)[0m
[38;2;233;150;122mTotal execution time: 2min 27s 558ms[0m
[38;2;255;255;255m [0m[38;2;100;149;237mOpen XML Report at: file://C:/Users/valexander/leaguebound-godot-core/reports/report_119/results.xml[0m
[38;2;100;149;237mOpen HTML Report at: file://C:/Users/valexander/leaguebound-godot-core/reports/report_119/index.html[0m
[38;2;233;150;122mExit code: 0[0m
Run dispose test resources
