Godot Engine v4.7.1.stable.official.a13da4feb - https://godotengine.org


  competition          poss    pts    PPP    FG%    3P%   3PAr    FT%   FTAr    TOV   ORB%   AST%     PF   STL   BLK
  college              68.3   72.5  1.062   42.0   30.6   33.7   75.4   27.3   15.6   25.3   46.2   16.5   5.4   3.1

  home win rate / overtime / close / blowout, by competition:
  college              50.0%    0.0%   50.0%    0.0%

=== Competition basketball calibration ===
  commit=unknown godot=4.7.1-stable (official) build=editor-debug (asserts active) rules=college/competition-v2-stopped-clock-pace balance=simulation_baseline/simulation-v17-stopped-foul-clock-and-live-rebound ratings=ratings-v1 targets=calibration-targets-v1 rng=godot-pcg32-v1+sha256-stream-key-v1 seeds=shard 5850000 of 5850001, seeds 23400001..23400004 inclusive n=4 complete games per competition elapsed=14461ms rate=0.3/s
  note: §27.1 certification sample is 100000 complete games per competition; this run used 4.
  note: Rule profiles are per competition; the provenance block names the first only. Each metric row carries its own competition id.

  sample.meets_certification_size                            0.0000  target[1.0000, 1.0000]  FAIL
  college.possessions_per_game                              68.2500 ±3.3284  target[64.0000, 73.0000]  PASS
  college.possession_estimate_per_game                      72.4650  INFORMATIONAL
  college.points_per_game                                   72.5000 ±7.5999  INFORMATIONAL
  college.points_per_possession                              1.0623 ±0.0789  target[0.9800, 1.1000]  PASS
  college.field_goal_percentage                              0.4198 ±0.0377  target[0.4200, 0.4900]  FAIL
  college.three_point_percentage                             0.3059 ±0.0686  target[0.3100, 0.3800]  FAIL
  college.three_point_attempt_rate                           0.3366 ±0.0411  target[0.3200, 0.4600]  PASS
  college.free_throw_percentage                              0.7536 ±0.0712  target[0.6700, 0.7900]  PASS
  college.free_throw_attempt_rate                            0.2733 ±0.0388  target[0.2000, 0.3800]  PASS
  college.turnovers_per_100_possessions                     15.5678  target[15.0000, 21.0000]  PASS
  college.offensive_rebound_percentage                       0.2527 ±0.0506  target[0.2400, 0.3400]  PASS
  college.assist_percentage                                  0.4623 ±0.0665  target[0.4800, 0.6800]  FAIL
  college.home_win_rate                                      0.5000 ±0.3500  target[0.5300, 0.5600]  FAIL
  college.overtime_rate                                      0.0000 ±0.2449  target[0.0400, 0.0800]  FAIL
  college.close_game_rate                                    0.5000 ±0.3500  target[0.2200, 0.3400]  FAIL
  college.blowout_rate                                       0.0000 ±0.2449  target[0.0800, 0.1800]  FAIL
  college.starter_mean_minutes                              24.8854 ±1.1546  INFORMATIONAL
  college.team_leading_scorer_mean                          16.1250 ±2.4129  INFORMATIONAL
  college.team_leading_scorer_p99                           21.7900  INFORMATIONAL

  report: res://reports/competition_calibration_replay_prefix_final_20260924_baseline_neutral_college.json
  FAIL sample.meets_certification_size: estimate 0.0000 outside BALANCE_SPEC.md §27.1 target [1.0000, 1.0000]
  FAIL college.field_goal_percentage: estimate 0.4198 outside BALANCE_SPEC.md §14.1 target [0.4200, 0.4900]
  FAIL college.three_point_percentage: estimate 0.3059 outside BALANCE_SPEC.md §14.1 target [0.3100, 0.3800]
  FAIL college.assist_percentage: estimate 0.4623 outside BALANCE_SPEC.md §14.1 target [0.4800, 0.6800]
  FAIL college.home_win_rate: estimate 0.5000 outside BALANCE_SPEC.md §14.2 target [0.5300, 0.5600]
  FAIL college.overtime_rate: estimate 0.0000 outside BALANCE_SPEC.md §14.2 target [0.0400, 0.0800]
  FAIL college.close_game_rate: estimate 0.5000 outside BALANCE_SPEC.md §14.2 target [0.2200, 0.3400]
  FAIL college.blowout_rate: estimate 0.0000 outside BALANCE_SPEC.md §14.2 target [0.0800, 0.1800]
  20 metric(s), 15 judged, 8 failure(s): FAIL
