Godot Engine v4.7.1.stable.official.a13da4feb - https://godotengine.org

[2J[H[38;2;233;150;122m
--------------------------------------------------------------------------------------------------
GdUnit4 Comandline Tool
--------------------------------------------------------------------------------------------------[0m
[38;2;218;165;32m
Headless mode is ignored by option '--ignoreHeadlessMode'"

Please note that tests that use UI interaction do not work correctly in headless mode.
Godot 'InputEvents' are not transported by the Godot engine in headless mode and therefore
have no effect in the test!
[0m
[38;2;100;149;237mInstalling GdUnit4 session system hooks.[0m
[38;2;100;149;237mSession hook 'GdUnitHtmlTestReporter' installed.[0m
[38;2;100;149;237mSession hook 'GdUnitXMLTestReporter' installed.[0m
[38;2;0;206;209mRun Test Suite: [0m[38;2;250;235;215mres://tests/calibration/test_population_pairing.gd[0m
  [38;2;250;235;215mres://tests/calibration/test_population_pairing.gd[0m[38;2;128;128;128m > [0m[38;2;250;235;215mtest_legacy_pairing_has_a_two_point_raw_ladder_gap[0m[38;2;34;139;34m STARTED[0m[38;2;128;128;128m[0m
  [38;2;250;235;215mres://tests/calibration/test_population_pairing.gd[0m[38;2;128;128;128m > [0m[38;2;250;235;215mtest_legacy_pairing_has_a_two_point_raw_ladder_gap[0m[38;2;34;139;34m PASSED[0m[38;2;100;149;237m 12ms[0m
[38;2;128;128;128m[0m
  [38;2;250;235;215mres://tests/calibration/test_population_pairing.gd[0m[38;2;128;128;128m > [0m[38;2;250;235;215mtest_full_cartesian_cycle_and_aligned_marginals[0m[38;2;34;139;34m STARTED[0m[38;2;128;128;128m[0m
  [38;2;250;235;215mres://tests/calibration/test_population_pairing.gd[0m[38;2;128;128;128m > [0m[38;2;250;235;215mtest_full_cartesian_cycle_and_aligned_marginals[0m[38;2;34;139;34m PASSED[0m[38;2;100;149;237m 5s 755ms[0m
[38;2;128;128;128m[0m
  [38;2;250;235;215mres://tests/calibration/test_population_pairing.gd[0m[38;2;128;128;128m > [0m[38;2;250;235;215mtest_actual_rounded_rosters_cross_venue_and_opener[0m[38;2;34;139;34m STARTED[0m[38;2;128;128;128m[0m
  [38;2;250;235;215mres://tests/calibration/test_population_pairing.gd[0m[38;2;128;128;128m > [0m[38;2;250;235;215mtest_actual_rounded_rosters_cross_venue_and_opener[0m[38;2;34;139;34m PASSED[0m[38;2;100;149;237m 37s 747ms[0m
[38;2;128;128;128m[0m
  [38;2;250;235;215mres://tests/calibration/test_population_pairing.gd[0m[38;2;128;128;128m > [0m[38;2;250;235;215mtest_roster_period_repeatability_and_eligibility[0m[38;2;34;139;34m STARTED[0m[38;2;128;128;128m[0m
  [38;2;250;235;215mres://tests/calibration/test_population_pairing.gd[0m[38;2;128;128;128m > [0m[38;2;250;235;215mtest_roster_period_repeatability_and_eligibility[0m[38;2;34;139;34m PASSED[0m[38;2;100;149;237m 14s 530ms[0m
[38;2;128;128;128m[0m
  [38;2;250;235;215mres://tests/calibration/test_population_pairing.gd[0m[38;2;128;128;128m > [0m[38;2;250;235;215mtest_explicit_offsets_and_openers_remain_venue_attached[0m[38;2;34;139;34m STARTED[0m[38;2;128;128;128m[0m
  [38;2;250;235;215mres://tests/calibration/test_population_pairing.gd[0m[38;2;128;128;128m > [0m[38;2;250;235;215mtest_explicit_offsets_and_openers_remain_venue_attached[0m[38;2;34;139;34m PASSED[0m[38;2;100;149;237m 1s 508ms[0m
[38;2;128;128;128m[0m
  [38;2;250;235;215mres://tests/calibration/test_population_pairing.gd[0m[38;2;128;128;128m > [0m[38;2;250;235;215mtest_direct_mirror_keeps_original_roster_schedule[0m[38;2;34;139;34m STARTED[0m[38;2;128;128;128m[0m
  [38;2;250;235;215mres://tests/calibration/test_population_pairing.gd[0m[38;2;128;128;128m > [0m[38;2;250;235;215mtest_direct_mirror_keeps_original_roster_schedule[0m[38;2;34;139;34m PASSED[0m[38;2;100;149;237m 1s 175ms[0m
[38;2;128;128;128m[0m
  [38;2;250;235;215mres://tests/calibration/test_population_pairing.gd[0m[38;2;128;128;128m > [0m[38;2;250;235;215mtest_large_variations_preserve_identity_profiles_and_cycle[0m[38;2;34;139;34m STARTED[0m[38;2;128;128;128m[0m
  [38;2;250;235;215mres://tests/calibration/test_population_pairing.gd[0m[38;2;128;128;128m > [0m[38;2;250;235;215mtest_large_variations_preserve_identity_profiles_and_cycle[0m[38;2;34;139;34m PASSED[0m[38;2;100;149;237m 2s 201ms[0m
[38;2;128;128;128m[0m
  [38;2;250;235;215mres://tests/calibration/test_population_pairing.gd[0m[38;2;128;128;128m > [0m[38;2;250;235;215mtest_custom_population_consumers_share_the_schedule[0m[38;2;34;139;34m STARTED[0m[38;2;128;128;128m[0m
  [38;2;250;235;215mres://tests/calibration/test_population_pairing.gd[0m[38;2;128;128;128m > [0m[38;2;250;235;215mtest_custom_population_consumers_share_the_schedule[0m[38;2;34;139;34m PASSED[0m[38;2;100;149;237m 42ms[0m
[38;2;128;128;128m[0m
  [38;2;250;235;215mres://tests/calibration/test_population_pairing.gd[0m[38;2;128;128;128m > [0m[38;2;250;235;215mtest_actual_venue_consumer_preserves_int64_mirror_indices[0m[38;2;34;139;34m STARTED[0m[38;2;128;128;128m[0m
  [38;2;250;235;215mres://tests/calibration/test_population_pairing.gd[0m[38;2;128;128;128m > [0m[38;2;250;235;215mtest_actual_venue_consumer_preserves_int64_mirror_indices[0m[38;2;178;34;34m[1m FAILED[0m[38;2;100;149;237m 141ms[0m
  [38;2;0;206;209m[1m[4mReport:[0m
  [38;2;128;128;128mactual venue consumer roster mismatch competition=0 variation=1073741824 mode=mirror reversed=false environment=0.0[0m[38;2;173;216;230m	at 'test_actual_venue_consumer_preserves_int64_mirror_indices' in res://tests/calibration/test_population_pairing.gd:205[0m[38;2;128;128;128m[0m
[38;2;128;128;128m[0m
[38;2;30;144;255mStatistics:[0m[38;2;128;128;128m 9 test cases | 0 errors | 1 failures | 0 flaky | 0 skipped | 0 orphans |[0m[38;2;34;139;34m PASSED[0m[38;2;100;149;237m 1min 3s 267ms[0m
[38;2;128;128;128m[0m
[38;2;128;128;128m[0m
[38;2;30;144;255mOverall Summary:[0m[38;2;255;255;255m 9 test cases | 0 errors | 1 failures | 0 flaky | 0 skipped | 0 orphans |[0m
[38;2;233;150;122mExecuted test suites: (1/1)[0m
[38;2;233;150;122mExecuted test cases : (9/9)[0m
[38;2;233;150;122mTotal execution time: 1min 3s 267ms[0m
[38;2;255;255;255m [0m[38;2;100;149;237mOpen XML Report at: file://C:/Users/valexander/AppData/Local/Temp/leaguebound-pairing-97e443eedd6e4c40a5d4cbf73c23541a/reports/report_10/results.xml[0m
[38;2;100;149;237mOpen HTML Report at: file://C:/Users/valexander/AppData/Local/Temp/leaguebound-pairing-97e443eedd6e4c40a5d4cbf73c23541a/reports/report_10/index.html[0m
[38;2;178;34;34mExit code: 100[0m
Run dispose test resources
